// Vitest Snapshot v1, https://vitest.dev/guide/snapshot.html

exports[`search traversal contract > preserves text, document order and UTF-16 part boundaries: hostile.md 1`] = `
{
  "parts": [
    {
      "end": 15,
      "start": 0,
      "text": "Passive Inhalte",
    },
    {
      "end": 17,
      "start": 16,
      "text": "
",
    },
    {
      "end": 41,
      "start": 17,
      "text": "window.__injected = true",
    },
    {
      "end": 42,
      "start": 41,
      "text": "
",
    },
    {
      "end": 64,
      "start": 42,
      "text": "body { display: none }",
    },
    {
      "end": 65,
      "start": 64,
      "text": "
",
    },
    {
      "end": 66,
      "start": 65,
      "text": "
",
    },
    {
      "end": 67,
      "start": 66,
      "text": "
",
    },
    {
      "end": 70,
      "start": 67,
      "text": "SVG",
    },
    {
      "end": 71,
      "start": 70,
      "text": "
",
    },
    {
      "end": 72,
      "start": 71,
      "text": "
",
    },
    {
      "end": 73,
      "start": 72,
      "text": "
",
    },
    {
      "end": 85,
      "start": 73,
      "text": "Aktiver Link",
    },
    {
      "end": 86,
      "start": 85,
      "text": "
",
    },
    {
      "end": 95,
      "start": 86,
      "text": "Data-Link",
    },
    {
      "end": 96,
      "start": 95,
      "text": "
",
    },
    {
      "end": 109,
      "start": 96,
      "text": "Passiver Link",
    },
    {
      "end": 110,
      "start": 109,
      "text": "
",
    },
    {
      "end": 119,
      "start": 110,
      "text": "Fremde ID",
    },
    {
      "end": 121,
      "start": 120,
      "text": "
",
    },
    {
      "end": 122,
      "start": 121,
      "text": "
",
    },
    {
      "end": 123,
      "start": 122,
      "text": "
",
    },
  ],
  "text": "Passive Inhalte

window.__injected = true
body { display: none }


SVG


Aktiver Link
Data-Link
Passiver Link
Fremde ID



",
}
`;

exports[`search traversal contract > preserves text, document order and UTF-16 part boundaries: reader.md 1`] = `
{
  "parts": [
    {
      "end": 19,
      "start": 0,
      "text": "Hashline · Lesetest",
    },
    {
      "end": 21,
      "start": 20,
      "text": "
",
    },
    {
      "end": 33,
      "start": 21,
      "text": "Eine ruhige ",
    },
    {
      "end": 49,
      "start": 33,
      "text": "Markdown-Ansicht",
    },
    {
      "end": 54,
      "start": 49,
      "text": " mit ",
    },
    {
      "end": 66,
      "start": 54,
      "text": "Hervorhebung",
    },
    {
      "end": 68,
      "start": 66,
      "text": ", ",
    },
    {
      "end": 78,
      "start": 68,
      "text": "Streichung",
    },
    {
      "end": 83,
      "start": 78,
      "text": " und ",
    },
    {
      "end": 94,
      "start": 83,
      "text": "Inline-Code",
    },
    {
      "end": 144,
      "start": 94,
      "text": ".
Dieser Softbreak bleibt Teil desselben Absatzes.",
    },
    {
      "end": 186,
      "start": 144,
      "text": "
Dieser Hardbreak beginnt eine neue Zeile.",
    },
    {
      "end": 188,
      "start": 187,
      "text": "
",
    },
    {
      "end": 197,
      "start": 188,
      "text": "Übersicht",
    },
    {
      "end": 199,
      "start": 198,
      "text": "
",
    },
    {
      "end": 200,
      "start": 199,
      "text": "
",
    },
    {
      "end": 217,
      "start": 200,
      "text": "Ein erster Punkt
",
    },
    {
      "end": 218,
      "start": 217,
      "text": "
",
    },
    {
      "end": 244,
      "start": 219,
      "text": "Ein verschachtelter Punkt",
    },
    {
      "end": 246,
      "start": 245,
      "text": "
",
    },
    {
      "end": 247,
      "start": 246,
      "text": "
",
    },
    {
      "end": 249,
      "start": 248,
      "text": "
",
    },
    {
      "end": 265,
      "start": 249,
      "text": "
Fertige Aufgabe",
    },
    {
      "end": 267,
      "start": 266,
      "text": "
",
    },
    {
      "end": 301,
      "start": 267,
      "text": "
Offene Aufgabe (schreibgeschützt)",
    },
    {
      "end": 303,
      "start": 302,
      "text": "
",
    },
    {
      "end": 304,
      "start": 303,
      "text": "
",
    },
    {
      "end": 305,
      "start": 304,
      "text": "
",
    },
    {
      "end": 310,
      "start": 305,
      "text": "Lesen",
    },
    {
      "end": 312,
      "start": 311,
      "text": "
",
    },
    {
      "end": 334,
      "start": 312,
      "text": "Auswählen und kopieren",
    },
    {
      "end": 336,
      "start": 335,
      "text": "
",
    },
    {
      "end": 337,
      "start": 336,
      "text": "
",
    },
    {
      "end": 338,
      "start": 337,
      "text": "
",
    },
    {
      "end": 371,
      "start": 338,
      "text": "Gute Typografie hilft beim Lesen.",
    },
    {
      "end": 373,
      "start": 372,
      "text": "
",
    },
    {
      "end": 406,
      "start": 373,
      "text": "Auch über mehrere Absätze hinweg.",
    },
    {
      "end": 408,
      "start": 407,
      "text": "
",
    },
    {
      "end": 409,
      "start": 408,
      "text": "
",
    },
    {
      "end": 416,
      "start": 409,
      "text": "Tabelle",
    },
    {
      "end": 418,
      "start": 417,
      "text": "
",
    },
    {
      "end": 425,
      "start": 418,
      "text": "Sprache",
    },
    {
      "end": 434,
      "start": 426,
      "text": "Beispiel",
    },
    {
      "end": 440,
      "start": 435,
      "text": "Suche",
    },
    {
      "end": 442,
      "start": 441,
      "text": "
",
    },
    {
      "end": 449,
      "start": 442,
      "text": "Deutsch",
    },
    {
      "end": 464,
      "start": 450,
      "text": "Grüße aus Köln",
    },
    {
      "end": 470,
      "start": 465,
      "text": "Nadel",
    },
    {
      "end": 472,
      "start": 471,
      "text": "
",
    },
    {
      "end": 475,
      "start": 472,
      "text": "日本語",
    },
    {
      "end": 481,
      "start": 476,
      "text": "こんにちは",
    },
    {
      "end": 487,
      "start": 482,
      "text": "Nadel",
    },
    {
      "end": 489,
      "start": 488,
      "text": "
",
    },
    {
      "end": 490,
      "start": 489,
      "text": "
",
    },
    {
      "end": 494,
      "start": 490,
      "text": "Code",
    },
    {
      "end": 496,
      "start": 495,
      "text": "
",
    },
    {
      "end": 551,
      "start": 496,
      "text": "const message: string = 'Nadel';
console.log(message);
",
    },
    {
      "end": 553,
      "start": 552,
      "text": "
",
    },
    {
      "end": 580,
      "start": 553,
      "text": "<unverändert> & gut lesbar
",
    },
    {
      "end": 582,
      "start": 581,
      "text": "
",
    },
    {
      "end": 598,
      "start": 582,
      "text": "Links und Bilder",
    },
    {
      "end": 600,
      "start": 599,
      "text": "
",
    },
    {
      "end": 611,
      "start": 600,
      "text": "Zur Tabelle",
    },
    {
      "end": 614,
      "start": 611,
      "text": " · ",
    },
    {
      "end": 628,
      "start": 614,
      "text": "Relative Datei",
    },
    {
      "end": 631,
      "start": 628,
      "text": " · ",
    },
    {
      "end": 637,
      "start": 631,
      "text": "Extern",
    },
    {
      "end": 639,
      "start": 638,
      "text": "
",
    },
    {
      "end": 640,
      "start": 639,
      "text": "
",
    },
    {
      "end": 641,
      "start": 640,
      "text": "
",
    },
    {
      "end": 643,
      "start": 642,
      "text": "
",
    },
    {
      "end": 650,
      "start": 643,
      "text": "Doppelt",
    },
    {
      "end": 652,
      "start": 651,
      "text": "
",
    },
    {
      "end": 669,
      "start": 652,
      "text": "Erster Abschnitt.",
    },
    {
      "end": 671,
      "start": 670,
      "text": "
",
    },
    {
      "end": 678,
      "start": 671,
      "text": "Doppelt",
    },
    {
      "end": 680,
      "start": 679,
      "text": "
",
    },
    {
      "end": 698,
      "start": 680,
      "text": "Zweiter Abschnitt.",
    },
    {
      "end": 700,
      "start": 699,
      "text": "
",
    },
    {
      "end": 709,
      "start": 700,
      "text": "Grüße 日本語",
    },
    {
      "end": 711,
      "start": 710,
      "text": "
",
    },
    {
      "end": 731,
      "start": 711,
      "text": "Unicode-Überschrift.",
    },
    {
      "end": 733,
      "start": 732,
      "text": "
",
    },
    {
      "end": 736,
      "start": 733,
      "text": "!!!",
    },
    {
      "end": 738,
      "start": 737,
      "text": "
",
    },
    {
      "end": 750,
      "start": 738,
      "text": "Leerer Slug.",
    },
    {
      "end": 752,
      "start": 751,
      "text": "
",
    },
    {
      "end": 773,
      "start": 752,
      "text": "Weitere Informationen",
    },
    {
      "end": 775,
      "start": 774,
      "text": "
",
    },
    {
      "end": 776,
      "start": 775,
      "text": "
",
    },
    {
      "end": 829,
      "start": 776,
      "text": "Ein letzter Absatz für die Auswahl über Blockgrenzen.",
    },
    {
      "end": 831,
      "start": 830,
      "text": "
",
    },
  ],
  "text": "Hashline · Lesetest

Eine ruhige Markdown-Ansicht mit Hervorhebung, Streichung und Inline-Code.
Dieser Softbreak bleibt Teil desselben Absatzes.
Dieser Hardbreak beginnt eine neue Zeile.

Übersicht


Ein erster Punkt


Ein verschachtelter Punkt





Fertige Aufgabe


Offene Aufgabe (schreibgeschützt)



Lesen

Auswählen und kopieren



Gute Typografie hilft beim Lesen.

Auch über mehrere Absätze hinweg.


Tabelle

Sprache
Beispiel
Suche

Deutsch
Grüße aus Köln
Nadel

日本語
こんにちは
Nadel


Code

const message: string = 'Nadel';
console.log(message);


<unverändert> & gut lesbar


Links und Bilder

Zur Tabelle · Relative Datei · Extern





Doppelt

Erster Abschnitt.

Doppelt

Zweiter Abschnitt.

Grüße 日本語

Unicode-Überschrift.

!!!

Leerer Slug.

Weitere Informationen


Ein letzter Absatz für die Auswahl über Blockgrenzen.

",
}
`;

exports[`search traversal contract > preserves text, document order and UTF-16 part boundaries: search-context.html 1`] = `
{
  "parts": [
    {
      "end": 4,
      "start": 0,
      "text": "Vor ",
    },
    {
      "end": 10,
      "start": 4,
      "text": "inline",
    },
    {
      "end": 15,
      "start": 10,
      "text": " nach",
    },
    {
      "end": 17,
      "start": 16,
      "text": "
",
    },
    {
      "end": 20,
      "start": 17,
      "text": "Zu ",
    },
    {
      "end": 28,
      "start": 20,
      "text": "sichtbar",
    },
    {
      "end": 59,
      "start": 29,
      "text": "Verschachtelte Zusammenfassung",
    },
    {
      "end": 61,
      "start": 60,
      "text": "
",
    },
    {
      "end": 64,
      "start": 61,
      "text": "
  ",
    },
    {
      "end": 69,
      "start": 64,
      "text": "Offen",
    },
    {
      "end": 73,
      "start": 70,
      "text": "
  ",
    },
    {
      "end": 91,
      "start": 73,
      "text": "sichtbarer Inhalt ",
    },
    {
      "end": 95,
      "start": 92,
      "text": "
  ",
    },
    {
      "end": 103,
      "start": 95,
      "text": "Innen zu",
    },
    {
      "end": 105,
      "start": 104,
      "text": "
",
    },
    {
      "end": 106,
      "start": 105,
      "text": "
",
    },
    {
      "end": 122,
      "start": 106,
      "text": "Zusammenfassung ",
    },
    {
      "end": 128,
      "start": 123,
      "text": "innen",
    },
    {
      "end": 164,
      "start": 129,
      "text": "Legacy: sichtbar im Summary-Kontext",
    },
    {
      "end": 166,
      "start": 165,
      "text": "
",
    },
    {
      "end": 167,
      "start": 166,
      "text": "
",
    },
    {
      "end": 168,
      "start": 167,
      "text": "
",
    },
    {
      "end": 169,
      "start": 168,
      "text": "
",
    },
    {
      "end": 170,
      "start": 169,
      "text": "A",
    },
    {
      "end": 171,
      "start": 170,
      "text": "B",
    },
    {
      "end": 172,
      "start": 171,
      "text": "C",
    },
    {
      "end": 181,
      "start": 173,
      "text": "zwischen",
    },
    {
      "end": 188,
      "start": 181,
      "text": "Begriff",
    },
    {
      "end": 198,
      "start": 189,
      "text": "Erklärung",
    },
    {
      "end": 200,
      "start": 199,
      "text": "
",
    },
  ],
  "text": "Vor inline nach

Zu sichtbar
Verschachtelte Zusammenfassung


  Offen

  sichtbarer Inhalt 

  Innen zu


Zusammenfassung 
innen
Legacy: sichtbar im Summary-Kontext




ABC
zwischenBegriff
Erklärung

",
}
`;
