Get:1 http://archive.ubuntu.com/ubuntu resolute InRelease [136 kB]
Get:2 http://security.ubuntu.com/ubuntu resolute-security InRelease [137 kB]
Get:3 http://archive.ubuntu.com/ubuntu resolute-updates InRelease [137 kB]
Get:4 http://archive.ubuntu.com/ubuntu resolute-backports InRelease [137 kB]
Get:5 http://security.ubuntu.com/ubuntu resolute-security/multiverse amd64 Packages [11.2 kB]
Get:6 http://archive.ubuntu.com/ubuntu resolute/main amd64 Packages [1874 kB]
Get:7 http://security.ubuntu.com/ubuntu resolute-security/restricted amd64 Packages [489 kB]
Get:8 http://archive.ubuntu.com/ubuntu resolute/restricted amd64 Packages [189 kB]
Get:9 http://archive.ubuntu.com/ubuntu resolute/multiverse amd64 Packages [352 kB]
Get:10 http://archive.ubuntu.com/ubuntu resolute/universe amd64 Packages [20.1 MB]
Get:11 http://security.ubuntu.com/ubuntu resolute-security/universe amd64 Packages [212 kB]
Get:12 http://security.ubuntu.com/ubuntu resolute-security/main amd64 Packages [578 kB]
Get:13 http://archive.ubuntu.com/ubuntu resolute-updates/main amd64 Packages [743 kB]
Get:14 http://archive.ubuntu.com/ubuntu resolute-updates/multiverse amd64 Packages [14.6 kB]
Get:15 http://archive.ubuntu.com/ubuntu resolute-updates/universe amd64 Packages [338 kB]
Get:16 http://archive.ubuntu.com/ubuntu resolute-updates/restricted amd64 Packages [505 kB]
Get:17 http://archive.ubuntu.com/ubuntu resolute-backports/universe amd64 Packages [3306 B]
Fetched 26.0 MB in 1s (26.5 MB/s)
Reading package lists...
Reading package lists...
Building dependency tree...
Reading state information...
Solving dependencies...
The following additional packages will be installed:
  desktop-file-utils
The following NEW packages will be installed:
  desktop-file-utils hashline
0 upgraded, 2 newly installed, 0 to remove and 28 not upgraded.
Need to get 54.3 kB/1474 kB of archives.
After this operation, 4271 kB of additional disk space will be used.
Get:1 /packages/hashline_0.1.0-1_amd64.deb hashline amd64 0.1.0-1 [1420 kB]
Get:2 http://archive.ubuntu.com/ubuntu resolute/main amd64 desktop-file-utils amd64 0.28-1build1 [54.3 kB]
Fetched 54.3 kB in 0s (570 kB/s)
Selecting previously unselected package desktop-file-utils.
(Reading database ... 
(Reading database ... 5%
(Reading database ... 10%
(Reading database ... 15%
(Reading database ... 20%
(Reading database ... 25%
(Reading database ... 30%
(Reading database ... 35%
(Reading database ... 40%
(Reading database ... 45%
(Reading database ... 50%
(Reading database ... 55%
(Reading database ... 60%
(Reading database ... 65%
(Reading database ... 70%
(Reading database ... 75%
(Reading database ... 80%
(Reading database ... 85%
(Reading database ... 90%
(Reading database ... 95%
(Reading database ... 100%
(Reading database ... 14333 files and directories currently installed.)
Preparing to unpack .../desktop-file-utils_0.28-1build1_amd64.deb ...
Unpacking desktop-file-utils (0.28-1build1) ...
Selecting previously unselected package hashline.
Preparing to unpack .../hashline_0.1.0-1_amd64.deb ...
Unpacking hashline (0.1.0-1) ...
Setting up desktop-file-utils (0.28-1build1) ...
Setting up hashline (0.1.0-1) ...
Processing triggers for libglib2.0-0t64:amd64 (2.88.0-1) ...
Processing triggers for shared-mime-info (2.4-5build3) ...
Processing triggers for hicolor-icon-theme (0.18-2build1) ...
outline-visible
reading-positions
theme
window-height
window-maximized
window-width
zoom
dbus-daemon[47]: [session uid=0 pid=47 pidfd=5] Activating service name='ca.desrt.dconf' requested by ':1.0' (uid=0 pid=127 comm="gsettings set de.kalendium.Hashline theme dark" label="docker-default (enforce)")
dbus-daemon[47]: [session uid=0 pid=47 pidfd=5] Successfully activated service 'ca.desrt.dconf'
libEGL warning: DRI3 error: Could not get DRI3 device
libEGL warning: Ensure your X server supports DRI3 to get accelerated rendering
/tests/native_reader.py:14: PyGIDeprecationWarning: Gio.DesktopAppInfo is deprecated; use GioUnix.DesktopAppInfo instead
  launcher = Gio.DesktopAppInfo.new('de.kalendium.Hashline.desktop')
dbus-daemon[47]: [session uid=0 pid=47 pidfd=5] Activating service name='org.a11y.Bus' requested by ':1.4' (uid=0 pid=213 comm="/usr/bin/python3 /tests/native_reader.py /usr/bin/" label="docker-default (enforce)")
dbus-daemon[47]: [session uid=0 pid=47 pidfd=5] Successfully activated service 'org.a11y.Bus'
dbus-daemon[225]: Activating service name='org.a11y.atspi.Registry' requested by ':1.0' (uid=0 pid=213 comm="/usr/bin/python3 /tests/native_reader.py /usr/bin/" label="docker-default (enforce)")
dbus-daemon[225]: Successfully activated service 'org.a11y.atspi.Registry'
SpiRegistry daemon is running with well-known name - org.a11y.atspi.Registry
libEGL warning: DRI3 error: Could not get DRI3 device
libEGL warning: Ensure your X server supports DRI3 to get accelerated rendering
AT-SPI Document role, Text interface, Unicode offsets: OK
Second process reuses one window; multi-file notice visible: OK
Caller-relative paths, Unicode, spaces, %, #, -- and empty activation: OK
Installed desktop/MIME launcher forwards to the same process and window: OK
libEGL warning: DRI3 error: Could not get DRI3 device
libEGL warning: Ensure your X server supports DRI3 to get accelerated rendering
Cold start through the installed desktop entry: OK
(Reading database ... 14385 files and directories currently installed.)
Preparing to unpack .../hashline_0.1.0-1_amd64.deb ...
Unpacking hashline (0.1.0-1) over (0.1.0-1) ...
Setting up hashline (0.1.0-1) ...
Processing triggers for desktop-file-utils (0.28-1build1) ...
Processing triggers for libglib2.0-0t64:amd64 (2.88.0-1) ...
Processing triggers for hicolor-icon-theme (0.18-2build1) ...
Processing triggers for shared-mime-info (2.4-5build3) ...
outline-visible
reading-positions
theme
window-height
window-maximized
window-width
zoom
libEGL warning: DRI3 error: Could not get DRI3 device
libEGL warning: Ensure your X server supports DRI3 to get accelerated rendering
/tests/native_reader.py:14: PyGIDeprecationWarning: Gio.DesktopAppInfo is deprecated; use GioUnix.DesktopAppInfo instead
  launcher = Gio.DesktopAppInfo.new('de.kalendium.Hashline.desktop')
libEGL warning: DRI3 error: Could not get DRI3 device
libEGL warning: Ensure your X server supports DRI3 to get accelerated rendering
AT-SPI Document role, Text interface, Unicode offsets: OK
Second process reuses one window; multi-file notice visible: OK
Caller-relative paths, Unicode, spaces, %, #, -- and empty activation: OK
Installed desktop/MIME launcher forwards to the same process and window: OK
libEGL warning: DRI3 error: Could not get DRI3 device
libEGL warning: Ensure your X server supports DRI3 to get accelerated rendering
Cold start through the installed desktop entry: OK
Reading package lists...
Building dependency tree...
Reading state information...
Solving dependencies...
The following package was automatically installed and is no longer required:
  desktop-file-utils
Use 'apt autoremove' to remove it.
The following packages will be REMOVED:
  hashline
0 upgraded, 0 newly installed, 1 to remove and 28 not upgraded.
After this operation, 4018 kB disk space will be freed.
(Reading database ... 
(Reading database ... 5%
(Reading database ... 10%
(Reading database ... 15%
(Reading database ... 20%
(Reading database ... 25%
(Reading database ... 30%
(Reading database ... 35%
(Reading database ... 40%
(Reading database ... 45%
(Reading database ... 50%
(Reading database ... 55%
(Reading database ... 60%
(Reading database ... 65%
(Reading database ... 70%
(Reading database ... 75%
(Reading database ... 80%
(Reading database ... 85%
(Reading database ... 90%
(Reading database ... 95%
(Reading database ... 100%
(Reading database ... 14385 files and directories currently installed.)
Removing hashline (0.1.0-1) ...
Processing triggers for hicolor-icon-theme (0.18-2build1) ...
Processing triggers for libglib2.0-0t64:amd64 (2.88.0-1) ...
Processing triggers for shared-mime-info (2.4-5build3) ...
Processing triggers for desktop-file-utils (0.28-1build1) ...
Reading package lists...
Building dependency tree...
Reading state information...
Solving dependencies...
The following NEW packages will be installed:
  hashline
0 upgraded, 1 newly installed, 0 to remove and 28 not upgraded.
Need to get 0 B/1420 kB of archives.
After this operation, 4018 kB of additional disk space will be used.
Get:1 /packages/hashline_0.1.0-1_amd64.deb hashline amd64 0.1.0-1 [1420 kB]
Selecting previously unselected package hashline.
(Reading database ... 
(Reading database ... 5%
(Reading database ... 10%
(Reading database ... 15%
(Reading database ... 20%
(Reading database ... 25%
(Reading database ... 30%
(Reading database ... 35%
(Reading database ... 40%
(Reading database ... 45%
(Reading database ... 50%
(Reading database ... 55%
(Reading database ... 60%
(Reading database ... 65%
(Reading database ... 70%
(Reading database ... 75%
(Reading database ... 80%
(Reading database ... 85%
(Reading database ... 90%
(Reading database ... 95%
(Reading database ... 100%
(Reading database ... 14349 files and directories currently installed.)
Preparing to unpack .../hashline_0.1.0-1_amd64.deb ...
Unpacking hashline (0.1.0-1) ...
Setting up hashline (0.1.0-1) ...
Processing triggers for hicolor-icon-theme (0.18-2build1) ...
Processing triggers for libglib2.0-0t64:amd64 (2.88.0-1) ...
Processing triggers for shared-mime-info (2.4-5build3) ...
Processing triggers for desktop-file-utils (0.28-1build1) ...
outline-visible
reading-positions
theme
window-height
window-maximized
window-width
zoom
libEGL warning: DRI3 error: Could not get DRI3 device
libEGL warning: Ensure your X server supports DRI3 to get accelerated rendering
/tests/native_reader.py:14: PyGIDeprecationWarning: Gio.DesktopAppInfo is deprecated; use GioUnix.DesktopAppInfo instead
  launcher = Gio.DesktopAppInfo.new('de.kalendium.Hashline.desktop')
libEGL warning: DRI3 error: Could not get DRI3 device
libEGL warning: Ensure your X server supports DRI3 to get accelerated rendering
AT-SPI Document role, Text interface, Unicode offsets: OK
Second process reuses one window; multi-file notice visible: OK
Caller-relative paths, Unicode, spaces, %, #, -- and empty activation: OK
Installed desktop/MIME launcher forwards to the same process and window: OK
libEGL warning: DRI3 error: Could not get DRI3 device
libEGL warning: Ensure your X server supports DRI3 to get accelerated rendering
Cold start through the installed desktop entry: OK
Reading package lists...
Building dependency tree...
Reading state information...
Solving dependencies...
The following package was automatically installed and is no longer required:
  desktop-file-utils
Use 'apt autoremove' to remove it.
The following packages will be REMOVED:
  hashline*
0 upgraded, 0 newly installed, 1 to remove and 28 not upgraded.
After this operation, 4018 kB disk space will be freed.
(Reading database ... 
(Reading database ... 5%
(Reading database ... 10%
(Reading database ... 15%
(Reading database ... 20%
(Reading database ... 25%
(Reading database ... 30%
(Reading database ... 35%
(Reading database ... 40%
(Reading database ... 45%
(Reading database ... 50%
(Reading database ... 55%
(Reading database ... 60%
(Reading database ... 65%
(Reading database ... 70%
(Reading database ... 75%
(Reading database ... 80%
(Reading database ... 85%
(Reading database ... 90%
(Reading database ... 95%
(Reading database ... 100%
(Reading database ... 14385 files and directories currently installed.)
Removing hashline (0.1.0-1) ...
Processing triggers for hicolor-icon-theme (0.18-2build1) ...
Processing triggers for libglib2.0-0t64:amd64 (2.88.0-1) ...
Processing triggers for shared-mime-info (2.4-5build3) ...
Processing triggers for desktop-file-utils (0.28-1build1) ...
PASS: clean install, desktop/MIME open, settings, icon, instance handoff, reinstall, removal and purge
